EN lcd_serializer NULL "D:/FPGA Prosjekter/Digitale Systemer/Xilinx/LCDTaskDigSys/lcdserializer.vhd" sub00/vhpl02 1329897824
AR system_logic behavioral "D:/FPGA Prosjekter/Digitale Systemer/Xilinx/LCDTaskDigSys/fsm_logic.vhd" sub00/vhpl07 1329897829
AR lcd_serializer behavioral "D:/FPGA Prosjekter/Digitale Systemer/Xilinx/LCDTaskDigSys/lcdserializer.vhd" sub00/vhpl03 1329897825
AR rotation_detector behavioral "D:/FPGA Prosjekter/Digitale Systemer/Xilinx/LCDTaskDigSys/edge_detector.vhd" sub00/vhpl05 1329897827
EN overall_system NULL "D:/FPGA Prosjekter/Digitale Systemer/Xilinx/LCDTaskDigSys/overall_system.vhd" sub00/vhpl08 1329897830
AR db_fsm arch "D:/FPGA Prosjekter/Digitale Systemer/Xilinx/LCDTaskDigSys/debouncer.vhd" sub00/vhpl01 1329897823
EN db_fsm NULL "D:/FPGA Prosjekter/Digitale Systemer/Xilinx/LCDTaskDigSys/debouncer.vhd" sub00/vhpl00 1329897822
EN system_logic NULL "D:/FPGA Prosjekter/Digitale Systemer/Xilinx/LCDTaskDigSys/fsm_logic.vhd" sub00/vhpl06 1329897828
EN rotation_detector NULL "D:/FPGA Prosjekter/Digitale Systemer/Xilinx/LCDTaskDigSys/edge_detector.vhd" sub00/vhpl04 1329897826
AR overall_system behavioral "D:/FPGA Prosjekter/Digitale Systemer/Xilinx/LCDTaskDigSys/overall_system.vhd" sub00/vhpl09 1329897831
