EN lcd_serializer NULL "D:/FPGA Prosjekter/Digitale Systemer/Xilinx/LCDTaskDigSys/lcdserializer.vhd" sub00/vhpl02 1330010932
AR system_logic behavioral "D:/FPGA Prosjekter/Digitale Systemer/Xilinx/LCDTaskDigSys/fsm_logic.vhd" sub00/vhpl07 1330010937
AR lcd_serializer behavioral "D:/FPGA Prosjekter/Digitale Systemer/Xilinx/LCDTaskDigSys/lcdserializer.vhd" sub00/vhpl03 1330010933
AR rotation_detector behavioral "D:/FPGA Prosjekter/Digitale Systemer/Xilinx/LCDTaskDigSys/edge_detector.vhd" sub00/vhpl05 1330010935
EN overall_system NULL "D:/FPGA Prosjekter/Digitale Systemer/Xilinx/LCDTaskDigSys/overall_system.vhd" sub00/vhpl08 1330010938
AR db_fsm arch "D:/FPGA Prosjekter/Digitale Systemer/Xilinx/LCDTaskDigSys/debouncer.vhd" sub00/vhpl01 1330010931
EN db_fsm NULL "D:/FPGA Prosjekter/Digitale Systemer/Xilinx/LCDTaskDigSys/debouncer.vhd" sub00/vhpl00 1330010930
EN system_logic NULL "D:/FPGA Prosjekter/Digitale Systemer/Xilinx/LCDTaskDigSys/fsm_logic.vhd" sub00/vhpl06 1330010936
EN rotation_detector NULL "D:/FPGA Prosjekter/Digitale Systemer/Xilinx/LCDTaskDigSys/edge_detector.vhd" sub00/vhpl04 1330010934
AR overall_system behavioral "D:/FPGA Prosjekter/Digitale Systemer/Xilinx/LCDTaskDigSys/overall_system.vhd" sub00/vhpl09 1330010939
